2025-05-02 05:01:16,304 - root - INFO - Using CPU for computation
2025-05-02 05:01:16,311 - sanic.error - [33mWARNING[0m - [33mSanic is running in PRODUCTION mode. Consider using '--debug' or '--dev' while actively developing your application.[0m
2025-05-02 05:01:18,471 - root - ERROR - Model initialization failed: TextClassificationPipeline: 'torch.device' object has no attribute 'lower'
2025-05-02 05:01:18,472 - sanic.server - INFO - Starting worker [5533]
2025-05-02 05:01:18,472 - sanic.server - INFO - Stopping worker [5533]
2025-05-02 05:01:18,473 - root - INFO - Starting system cleanup...
2025-05-02 05:01:18,473 - sanic.error - [31mERROR[0m - Experienced exception while trying to serve
Traceback (most recent call last):
  File "/root/sentiment_analysis/venv/lib/python3.10/site-packages/sanic/mixins/startup.py", line 1277, in serve_single
    worker_serve(monitor_publisher=None, **kwargs)
  File "/root/sentiment_analysis/venv/lib/python3.10/site-packages/sanic/worker/serve.py", line 147, in worker_serve
    raise e
  File "/root/sentiment_analysis/venv/lib/python3.10/site-packages/sanic/worker/serve.py", line 121, in worker_serve
    return _serve_http_1(
  File "/root/sentiment_analysis/venv/lib/python3.10/site-packages/sanic/server/runners.py", line 304, in _serve_http_1
    _run_server_forever(
  File "/root/sentiment_analysis/venv/lib/python3.10/site-packages/sanic/server/runners.py", line 192, in _run_server_forever
    loop.run_until_complete(after_stop())
  File "uvloop/loop.pyx", line 1518, in uvloop.loop.Loop.run_until_complete
  File "/root/sentiment_analysis/venv/lib/python3.10/site-packages/sanic/app.py", line 2443, in _server_event
    await self.dispatch(
  File "/root/sentiment_analysis/venv/lib/python3.10/site-packages/sanic/signals.py", line 303, in dispatch
    return await dispatch
  File "/root/sentiment_analysis/venv/lib/python3.10/site-packages/sanic/signals.py", line 263, in _dispatch
    raise e
  File "/root/sentiment_analysis/venv/lib/python3.10/site-packages/sanic/signals.py", line 247, in _dispatch
    retval = await maybe_coroutine
  File "/root/sentiment_analysis/venv/lib/python3.10/site-packages/sanic/app.py", line 1625, in _listener
    await maybe_coro
  File "/root/sentiment_analysis/emo_server.py", line 361, in cleanup_system
    app.ctx.task_mgr.executor.shutdown()
AttributeError: 'types.SimpleNamespace' object has no attribute 'task_mgr'
2025-05-02 05:01:18,475 - sanic.root - INFO - Server Stopped
2025-05-02 05:32:32,434 - sanic.error - [33mWARNING[0m - [33mSanic is running in PRODUCTION mode. Consider using '--debug' or '--dev' while actively developing your application.[0m
2025-05-02 05:32:34,626 - root - ERROR - Model initialization failed: TextClassificationPipeline: 'torch.device' object has no attribute 'lower'
2025-05-02 05:32:34,626 - sanic.server - INFO - Starting worker [6142]
2025-05-02 05:32:34,627 - sanic.server - INFO - Stopping worker [6142]
2025-05-02 05:32:34,628 - root - INFO - Starting system cleanup...
2025-05-02 05:32:34,629 - root - INFO - System cleanup completed
2025-05-02 05:32:34,629 - sanic.server - INFO - Worker complete [6142]
2025-05-02 05:32:34,629 - sanic.root - INFO - Server Stopped
